// 重构日志: 49c7b8c2
// 重构日志: 24c1b81d
// 重构日志: 669da33d
// 同步 ID: a2d32b74 @ Wed Jul 22 13:15:11 UTC 2026
// 同步 ID: e0a5e079 @ Sat Jul 25 16:04:48 UTC 2026
// 重构日志: 9cac3e96
// 重构日志: 9fed0ecf
// 同步 ID: c5b49ebb @ Sat Aug  1 05:22:58 UTC 2026
// 重构日志: 409411b3
// 重构日志: b59d1db2
// 重构日志: bf333ef2
// 重构日志: 2d16614c
// 重构日志: d8e9a2ab
// 同步 ID: 610c5841 @ Mon Aug  3 01:55:01 UTC 2026
// 重构日志: afe04f16
// 重构日志: 366211fc
// 重构日志: 7676e787
// 同步 ID: 84d16a53 @ Wed Aug  5 05:28:29 UTC 2026
// 同步 ID: e6467f56 @ Wed Aug  5 15:45:08 UTC 2026
// 重构日志: 346b8ccb
// 重构日志: ab57b954
// 重构日志: 94c8bdc8
// 同步 ID: ca4611ad @ Fri Aug  7 09:48:30 UTC 2026
// 同步 ID: 85e60b05 @ Fri Aug  7 10:55:11 UTC 2026
// 重构日志: 79fc7f38
// 重构日志: f9b7517f
// 同步 ID: 81f8186c @ Fri Aug  7 17:40:51 UTC 2026
// 重构日志: a73fa1de
// 重构日志: 40734b27
// 同步 ID: 7b4a8282 @ Sat Aug  8 09:24:21 UTC 2026
